// Jest Snapshot v1, https://goo.gl/fbAQLP

exports[`contentParser should not crash due to no  1`] = `
<p>
  Now prelude to a link: 
  <a
    href="https://server.com/wp-content/uploads/2019/12/MyPdf.pdf"
    target="_blank"
  >
    Lorem ipsum link text
  </a>
</p>
`;

exports[`contentParser should properly parse audio tags 1`] = `
Array [
  <p>
    lorem
  </p>,
  "
",
  <p>
     
  </p>,
  "
",
  <p>
    <strong>
      wp playlist
    </strong>
  </p>,
  "
",
  "
	",
  <div
    className="wp-playlist wp-audio-playlist wp-playlist-light"
  >
    
		
    <div
      className="wp-playlist-current-item"
    >
      
		
      <audio
        controls={true}
        preload="none"
        width="640"
      >
        
	
        <div
          className="wp-playlist-next"
        >
          
	
          <div
            className="wp-playlist-prev"
          >
            
	
            <noscript>
              
	
              <ol>
                
	
                <li>
                  <a
                    className=" inline-parsed-img css-0"
                    href="/static/c1624b1ea899ec0e662be2d2c55356e2/part1.mp3"
                  >
                    part 1
                  </a>
                </li>
                
	
                <li>
                  <a
                    className=" inline-parsed-img css-0"
                    href="/static/c1624b1ea899ec0e662be2d2c55356e2/part2.mp3"
                  >
                    part 2
                  </a>
                </li>
                
	
                <li>
                  <a
                    className=" inline-parsed-img css-0"
                    href="/static/c1624b1ea899ec0e662be2d2c55356e2/part3.mp3"
                  >
                    part 3
                  </a>
                </li>
                
	
                <li>
                  <a
                    className=" inline-parsed-img css-0"
                    href="/static/c1624b1ea899ec0e662be2d2c55356e2/part4.mp3"
                  >
                    part 4
                  </a>
                </li>
                
	
                <li>
                  <a
                    className=" inline-parsed-img css-0"
                    href="/static/c1624b1ea899ec0e662be2d2c55356e2/part5.mp3"
                  >
                    part 5
                  </a>
                </li>
                
	
                <li>
                  <a
                    className=" inline-parsed-img css-0"
                    href="/static/c1624b1ea899ec0e662be2d2c55356e2/part6.mp3"
                  >
                    part 6
                  </a>
                </li>
                	
	
              </ol>
              
	
            </noscript>
            
	
            <script
              className="wp-playlist-script"
              dangerouslySetInnerHTML={
                Object {
                  "__html": "{\\"type\\":\\"audio\\",\\"tracklist\\":true,\\"tracknumbers\\":true,\\"images\\":false,\\"artists\\":false,\\"tracks\\":[{\\"src\\":\\"http:\\\\/\\\\/dockerhost:8000\\\\/wp-content\\\\/uploads\\\\/2019\\\\/04\\\\/part1.mp3\\",\\"type\\":\\"audio\\\\/mpeg\\",\\"title\\":\\"part 1\\",\\"caption\\":\\"\\",\\"description\\":\\"\\\\\\"Part 1\\\\\\".\\",\\"meta\\":{\\"length_formatted\\":\\"6:57\\"},\\"image\\":{\\"src\\":\\"http:\\\\/\\\\/dockerhost:8000\\\\/wp-includes\\\\/images\\\\/media\\\\/audio.png\\",\\"width\\":48,\\"height\\":64},\\"thumb\\":{\\"src\\":\\"http:\\\\/\\\\/dockerhost:8000\\\\/wp-includes\\\\/images\\\\/media\\\\/audio.png\\",\\"width\\":48,\\"height\\":64}},{\\"src\\":\\"http:\\\\/\\\\/dockerhost:8000\\\\/wp-content\\\\/uploads\\\\/2019\\\\/04\\\\/part2.mp3\\",\\"type\\":\\"audio\\\\/mpeg\\",\\"title\\":\\"part 2\\",\\"caption\\":\\"\\",\\"description\\":\\"\\\\\\"part 2\\\\\\".\\",\\"meta\\":{\\"length_formatted\\":\\"5:11\\"},\\"image\\":{\\"src\\":\\"http:\\\\/\\\\/dockerhost:8000\\\\/wp-includes\\\\/images\\\\/media\\\\/audio.png\\",\\"width\\":48,\\"height\\":64},\\"thumb\\":{\\"src\\":\\"http:\\\\/\\\\/dockerhost:8000\\\\/wp-includes\\\\/images\\\\/media\\\\/audio.png\\",\\"width\\":48,\\"height\\":64}},{\\"src\\":\\"http:\\\\/\\\\/dockerhost:8000\\\\/wp-content\\\\/uploads\\\\/2019\\\\/04\\\\/part3.mp3\\",\\"type\\":\\"audio\\\\/mpeg\\",\\"title\\":\\"part 3\\",\\"caption\\":\\"\\",\\"description\\":\\"\\\\\\"part 3\\\\\\".\\",\\"meta\\":{\\"length_formatted\\":\\"6:32\\"},\\"image\\":{\\"src\\":\\"http:\\\\/\\\\/dockerhost:8000\\\\/wp-includes\\\\/images\\\\/media\\\\/audio.png\\",\\"width\\":48,\\"height\\":64},\\"thumb\\":{\\"src\\":\\"http:\\\\/\\\\/dockerhost:8000\\\\/wp-includes\\\\/images\\\\/media\\\\/audio.png\\",\\"width\\":48,\\"height\\":64}},{\\"src\\":\\"http:\\\\/\\\\/dockerhost:8000\\\\/wp-content\\\\/uploads\\\\/2019\\\\/04\\\\/part4.mp3\\",\\"type\\":\\"audio\\\\/mpeg\\",\\"title\\":\\"part 4\\",\\"caption\\":\\"\\",\\"description\\":\\"\\\\\\"part 4\\\\\\".\\",\\"meta\\":{\\"length_formatted\\":\\"7:43\\"},\\"image\\":{\\"src\\":\\"http:\\\\/\\\\/dockerhost:8000\\\\/wp-includes\\\\/images\\\\/media\\\\/audio.png\\",\\"width\\":48,\\"height\\":64},\\"thumb\\":{\\"src\\":\\"http:\\\\/\\\\/dockerhost:8000\\\\/wp-includes\\\\/images\\\\/media\\\\/audio.png\\",\\"width\\":48,\\"height\\":64}},{\\"src\\":\\"http:\\\\/\\\\/dockerhost:8000\\\\/wp-content\\\\/uploads\\\\/2019\\\\/04\\\\/part5.mp3\\",\\"type\\":\\"audio\\\\/mpeg\\",\\"title\\":\\"part 5\\",\\"caption\\":\\"\\",\\"description\\":\\"\\\\\\"part 5\\\\\\".\\",\\"meta\\":{\\"length_formatted\\":\\"5:49\\"},\\"image\\":{\\"src\\":\\"http:\\\\/\\\\/dockerhost:8000\\\\/wp-includes\\\\/images\\\\/media\\\\/audio.png\\",\\"width\\":48,\\"height\\":64},\\"thumb\\":{\\"src\\":\\"http:\\\\/\\\\/dockerhost:8000\\\\/wp-includes\\\\/images\\\\/media\\\\/audio.png\\",\\"width\\":48,\\"height\\":64}},{\\"src\\":\\"http:\\\\/\\\\/dockerhost:8000\\\\/wp-content\\\\/uploads\\\\/2019\\\\/04\\\\/part6.mp3\\",\\"type\\":\\"audio\\\\/mpeg\\",\\"title\\":\\"part 6\\",\\"caption\\":\\"\\",\\"description\\":\\"\\\\\\"part 6\\\\\\".\\",\\"meta\\":{\\"length_formatted\\":\\"0:38\\"},\\"image\\":{\\"src\\":\\"http:\\\\/\\\\/dockerhost:8000\\\\/wp-includes\\\\/images\\\\/media\\\\/audio.png\\",\\"width\\":48,\\"height\\":64},\\"thumb\\":{\\"src\\":\\"http:\\\\/\\\\/dockerhost:8000\\\\/wp-includes\\\\/images\\\\/media\\\\/audio.png\\",\\"width\\":48,\\"height\\":64}}]}",
                }
              }
              type="application/json"
            />
            

          </div>
          
	

          <p>
            <strong>
              html5 audio
            </strong>
          </p>
          

          

          <audio
            className="wp-audio-shortcode"
            controls={true}
            id="audio-2538-1"
            preload="none"
            style={
              Object {
                "width": "100%",
              }
            }
          >
            <source
              src="/static/c1624b1ea899ec0e662be2d2c55356e2/part1.mp3"
              type="audio/mpeg"
            />
            <a
              className=" inline-parsed-img css-0"
              href="/static/c1624b1ea899ec0e662be2d2c55356e2/part1.mp3"
            >
              http://dockerhost:8000/wp-content/uploads/2019/04/part1.mp3
            </a>
          </audio>
          

        </div>
      </audio>
    </div>
  </div>,
]
`;

exports[`contentParser should properly parse inline pdf a 1`] = `
Array [
  <h1
    className="en-mdl-prd-header__title en-format-h1 en-category-heading"
    style={
      Object {
        "textAlign": "center",
      }
    }
  >
    header
  </h1>,
  "
",
  <div>
    
    
    <div
      className="en-space-t-lg"
      style={
        Object {
          "textAlign": "center",
        }
      }
    >
      
        
      <p>
        <span
          className="en-format-semibold"
        >
          lorem psum
        </span>
      </p>
      
        
      <p
        className="en-space-t-sm"
        style={
          Object {
            "textAlign": "center",
          }
        }
      >
        someother text
        <br />
        
            another
      </p>
      
    
    </div>
    
    
    <p
      style={
        Object {
          "textAlign": "center",
        }
      }
    >
       23.01.2020, 26.01.2020, 31.01.2020
    </p>
    
    
    <p
      style={
        Object {
          "textAlign": "center",
        }
      }
    >
      Location
    </p>
    
    
    <hr />
    
    
    <p>
      „Lorem ipsum.
    </p>
    
    
    <p>
      Now prelude to a link: 
      <a
        className=" inline-parsed-img css-0"
        href="/static/c1624b1ea899ec0e662be2d2c55356e2/MyPdf.pdf"
      >
        Lorem ipsum link text
      </a>
    </p>
    

  </div>,
  "
",
  <div
    className="wp-video"
    style={
      Object {
        "width": "1280px",
      }
    }
  >
    
    
    <video
      autoplay="1"
      class="wp-video-shortcode"
      controls="controls"
      height="720"
      id="video-9064848-1"
      loop="1"
      poster="/static/c1624b1ea899ec0e662be2d2c55356e2/poster.jpg"
      preload="metadata"
      width="1280"
    >
      
        
      <source
        src="/static/c1624b1ea899ec0e662be2d2c55356e2/video.mp4"
        type="video/mp4"
      />
      
        
      <a
        className=" inline-parsed-img css-0"
        href="/static/c1624b1ea899ec0e662be2d2c55356e2/video.mp4"
      >
        https://server.com/wp-content/uploads/2020/01/video.mp4
      </a>
      
    
    </video>
    

  </div>,
  "
",
  <p>
     
  </p>,
  "
",
]
`;

exports[`contentParser should properly parse simplified audio tags 1`] = `
Array [
  <p>
    lorem
  </p>,
  "
",
  <p>
     
  </p>,
  "
",
  <p>
    <strong>
      wp playlist
    </strong>
  </p>,
  "
",
  "
	",
  <div
    className="wp-playlist wp-audio-playlist wp-playlist-light"
  >
    
		
    <div
      className="wp-playlist-current-item"
    >
      
		
      <audio
        controls={true}
        preload="none"
        width="640"
      >
        
	
        <div
          className="wp-playlist-next"
        >
          
	
          <div
            className="wp-playlist-prev"
          >
            
	
	
            <script
              className="wp-playlist-script"
              dangerouslySetInnerHTML={
                Object {
                  "__html": "{\\"type\\":\\"audio\\",\\"tracklist\\":true,\\"tracknumbers\\":true,\\"images\\":false,\\"artists\\":false,\\"tracks\\":[{\\"src\\":\\"http:\\\\/\\\\/dockerhost:8000\\\\/wp-content\\\\/uploads\\\\/2019\\\\/04\\\\/part1.mp3\\",\\"type\\":\\"audio\\\\/mpeg\\",\\"title\\":\\"part 1\\",\\"caption\\":\\"\\",\\"description\\":\\"\\\\\\"Part 1\\\\\\".\\",\\"meta\\":{\\"length_formatted\\":\\"6:57\\"},\\"image\\":{\\"src\\":\\"http:\\\\/\\\\/dockerhost:8000\\\\/wp-includes\\\\/images\\\\/media\\\\/audio.png\\",\\"width\\":48,\\"height\\":64},\\"thumb\\":{\\"src\\":\\"http:\\\\/\\\\/dockerhost:8000\\\\/wp-includes\\\\/images\\\\/media\\\\/audio.png\\",\\"width\\":48,\\"height\\":64}},{\\"src\\":\\"http:\\\\/\\\\/dockerhost:8000\\\\/wp-content\\\\/uploads\\\\/2019\\\\/04\\\\/part2.mp3\\",\\"type\\":\\"audio\\\\/mpeg\\",\\"title\\":\\"part 2\\",\\"caption\\":\\"\\",\\"description\\":\\"\\\\\\"part 2\\\\\\".\\",\\"meta\\":{\\"length_formatted\\":\\"5:11\\"},\\"image\\":{\\"src\\":\\"http:\\\\/\\\\/dockerhost:8000\\\\/wp-includes\\\\/images\\\\/media\\\\/audio.png\\",\\"width\\":48,\\"height\\":64},\\"thumb\\":{\\"src\\":\\"http:\\\\/\\\\/dockerhost:8000\\\\/wp-includes\\\\/images\\\\/media\\\\/audio.png\\",\\"width\\":48,\\"height\\":64}},{\\"src\\":\\"http:\\\\/\\\\/dockerhost:8000\\\\/wp-content\\\\/uploads\\\\/2019\\\\/04\\\\/part3.mp3\\",\\"type\\":\\"audio\\\\/mpeg\\",\\"title\\":\\"part 3\\",\\"caption\\":\\"\\",\\"description\\":\\"\\\\\\"part 3\\\\\\".\\",\\"meta\\":{\\"length_formatted\\":\\"6:32\\"},\\"image\\":{\\"src\\":\\"http:\\\\/\\\\/dockerhost:8000\\\\/wp-includes\\\\/images\\\\/media\\\\/audio.png\\",\\"width\\":48,\\"height\\":64},\\"thumb\\":{\\"src\\":\\"http:\\\\/\\\\/dockerhost:8000\\\\/wp-includes\\\\/images\\\\/media\\\\/audio.png\\",\\"width\\":48,\\"height\\":64}},{\\"src\\":\\"http:\\\\/\\\\/dockerhost:8000\\\\/wp-content\\\\/uploads\\\\/2019\\\\/04\\\\/part4.mp3\\",\\"type\\":\\"audio\\\\/mpeg\\",\\"title\\":\\"part 4\\",\\"caption\\":\\"\\",\\"description\\":\\"\\\\\\"part 4\\\\\\".\\",\\"meta\\":{\\"length_formatted\\":\\"7:43\\"},\\"image\\":{\\"src\\":\\"http:\\\\/\\\\/dockerhost:8000\\\\/wp-includes\\\\/images\\\\/media\\\\/audio.png\\",\\"width\\":48,\\"height\\":64},\\"thumb\\":{\\"src\\":\\"http:\\\\/\\\\/dockerhost:8000\\\\/wp-includes\\\\/images\\\\/media\\\\/audio.png\\",\\"width\\":48,\\"height\\":64}},{\\"src\\":\\"http:\\\\/\\\\/dockerhost:8000\\\\/wp-content\\\\/uploads\\\\/2019\\\\/04\\\\/part5.mp3\\",\\"type\\":\\"audio\\\\/mpeg\\",\\"title\\":\\"part 5\\",\\"caption\\":\\"\\",\\"description\\":\\"\\\\\\"part 5\\\\\\".\\",\\"meta\\":{\\"length_formatted\\":\\"5:49\\"},\\"image\\":{\\"src\\":\\"http:\\\\/\\\\/dockerhost:8000\\\\/wp-includes\\\\/images\\\\/media\\\\/audio.png\\",\\"width\\":48,\\"height\\":64},\\"thumb\\":{\\"src\\":\\"http:\\\\/\\\\/dockerhost:8000\\\\/wp-includes\\\\/images\\\\/media\\\\/audio.png\\",\\"width\\":48,\\"height\\":64}},{\\"src\\":\\"http:\\\\/\\\\/dockerhost:8000\\\\/wp-content\\\\/uploads\\\\/2019\\\\/04\\\\/part6.mp3\\",\\"type\\":\\"audio\\\\/mpeg\\",\\"title\\":\\"part 6\\",\\"caption\\":\\"\\",\\"description\\":\\"\\\\\\"part 6\\\\\\".\\",\\"meta\\":{\\"length_formatted\\":\\"0:38\\"},\\"image\\":{\\"src\\":\\"http:\\\\/\\\\/dockerhost:8000\\\\/wp-includes\\\\/images\\\\/media\\\\/audio.png\\",\\"width\\":48,\\"height\\":64},\\"thumb\\":{\\"src\\":\\"http:\\\\/\\\\/dockerhost:8000\\\\/wp-includes\\\\/images\\\\/media\\\\/audio.png\\",\\"width\\":48,\\"height\\":64}}]}",
                }
              }
              type="application/json"
            />
            

          </div>
          
	

          <p>
            <strong>
              html5 audio
            </strong>
          </p>
          

          

          <audio
            className="wp-audio-shortcode"
            controls={true}
            data-gts-processed="true"
            id="audio-2538-1"
            preload="none"
            style={
              Object {
                "width": "100%",
              }
            }
          >
            <source
              src="/static/c1624b1ea899ec0e662be2d2c55356e2/part1.mp3"
              type="audio/mpeg"
            />
            <a
              className=" inline-parsed-img css-0"
              href="/static/c1624b1ea899ec0e662be2d2c55356e2/part1.mp3"
            >
              http://dockerhost:8000/wp-content/uploads/2019/04/part1.mp3
            </a>
          </audio>
          

        </div>
      </audio>
    </div>
  </div>,
]
`;
